[0;94m
-------------------------------------------------------------
[0;39m[0;93m
		TEST CREATED BY: [0;39m[0;96mGEMARTIN	
[0;39m[0;94m
-------------------------------------------------------------
[0;39m[0;94m
-------------------------------------------------------------
[0;39m[0;94m
			CONTROL ERRORS	
[0;39m[0;94m
-------------------------------------------------------------

[0;39m[1;92m1.[OK] [0;39m
[1;92m2.[OK] [0;39m
[1;92m3.[OK] [0;39m
[1;92m4.[OK] [0;39m
[1;92m5.[OK] [0;39m
[1;92m6.[OK] [0;39m
[1;92m7.[OK] [0;39m
[1;92m8.[OK] [0;39m
[1;92m9.[OK] [0;39m
[1;92m10.[OK] [0;39m
[1;92m11.[OK] [0;39m
[1;92m12.[OK] [0;39m
[1;92m13.[OK] [0;39m
[1;92m14.[OK] [0;39m
[1;92m15.[OK] [0;39m
[1;92m16.[OK] [0;39m
[1;92m17.[OK] [0;39m
[1;92m18.[OK] [0;39m
[1;92m19.[OK] [0;39m
[1;92m20.[OK] [0;39m
[1;92m21.[OK] [0;39m
[1;92m22.[OK] [0;39m
[1;92m23.[OK] [0;39m
[1;92m24.[OK] [0;39m
[1;92m25.[OK] [0;39m
[1;92m26.[OK] [0;39m
[1;92m27.[OK] [0;39m
[1;92m28.[OK] [0;39m
[1;92m29.[OK] [0;39m
[1;92m30.[OK] [0;39m
[1;92m31.[OK] [0;39m
[1;92m32.[OK] [0;39m
[1;92m33.[OK] [0;39m
[1;92m34.[OK] [0;39m
[1;92m35.[OK] [0;39m
[1;92m36.[OK] [0;39m
[1;92m37.[OK] [0;39m
[1;92m38.[OK] [0;39m
[1;92m39.[OK] [0;39m
[1;92m40.[OK] [0;39m
[1;92m41.[OK] [0;39m
[1;92m42.[OK] [0;39m
[0;94m
-------------------------------------------------------------
[0;39m[0;94m
			Basic input		
[0;39m[0;94m
-------------------------------------------------------------

[0;39m[1;91m1.[KO][0;39m[0;97m TEST: 2 1 [1;91m2.[KO][0;39m[1;91m3.[KO][0;39m[0;97m TEST: 1 3 2 [1;91m4.[KO][0;39m[1;91m5.[KO][0;39m[0;97m TEST: 2 3 1 [1;91m6.[KO][0;39m[1;91m7.[KO][0;39m[0;97m TEST: 2 1 3 [1;91m8.[KO][0;39m[1;91m9.[KO][0;39m[0;97m TEST: 3 1 2 [1;91m10.[KO][0;39m[1;91m11.[KO][0;39m[0;97m TEST: 3 2 1 [1;91m12.[KO][0;39m[1;91m13.[KO][0;39m[0;97m TEST: 1 2 4 3 [1;91m14.[KO][0;39m[1;91m15.[KO][0;39m[0;97m TEST: 1 3 2 4 [1;91m16.[KO][0;39m[1;91m17.[KO][0;39m[0;97m TEST: 1 3 4 2 [1;91m18.[KO][0;39m[1;91m19.[KO][0;39m[0;97m TEST: 1 4 3 2 [1;91m20.[KO][0;39m[1;91m21.[KO][0;39m[0;97m TEST: 1 4 2 3 [1;91m22.[KO][0;39m[1;91m23.[KO][0;39m[0;97m TEST: 2 3 4 1 [1;91m24.[KO][0;39m[1;91m25.[KO][0;39m[0;97m TEST: 2 4 3 1 [1;91m26.[KO][0;39m[1;91m27.[KO][0;39m[0;97m TEST: 2 1 4 3 [1;91m28.[KO][0;39m[1;91m29.[KO][0;39m[0;97m TEST: 2 1 3 4 [1;91m30.[KO][0;39m[1;91m31.[KO][0;39m[0;97m TEST: 2 3 1 4 [1;91m32.[KO][0;39m[1;91m33.[KO][0;39m[0;97m TEST: 2 4 1 3 [1;91m34.[KO][0;39m[1;91m35.[KO][0;39m[0;97m TEST: 3 4 1 2 [1;91m36.[KO][0;39m[1;91m37.[KO][0;39m[0;97m TEST: 3 4 2 1 [1;91m38.[KO][0;39m[1;91m39.[KO][0;39m[0;97m TEST: 3 2 1 4 [1;91m40.[KO][0;39m[1;91m41.[KO][0;39m[0;97m TEST: 3 1 2 4 [1;91m42.[KO][0;39m[1;91m43.[KO][0;39m[0;97m TEST: 3 1 2 4 [1;91m44.[KO][0;39m[1;91m45.[KO][0;39m[0;97m TEST: 3 2 4 1 [1;91m46.[KO][0;39m[1;91m47.[KO][0;39m[0;97m TEST: 3 1 4 2 [1;91m48.[KO][0;39m[1;91m49.[KO][0;39m[0;97m TEST: 4 1 2 3 [1;91m50.[KO][0;39m[1;91m51.[KO][0;39m[0;97m TEST: 4 1 3 2 [1;91m52.[KO][0;39m[1;91m53.[KO][0;39m[0;97m TEST: 4 2 1 3 [1;91m54.[KO][0;39m[1;91m55.[KO][0;39m[0;97m TEST: 4 2 3 1 [1;91m56.[KO][0;39m[1;91m57.[KO][0;39m[0;97m TEST: 4 3 1 2 [1;91m58.[KO][0;39m[1;91m59.[KO][0;39m[0;97m TEST: 4 3 2 1 [1;91m60.[KO][0;39m[0;94m

-------------------------------------------------------------

[0;39m[0;94m
			Size 5		
[0;39m[0;94m
-------------------------------------------------------------

[0;39m[1;91m1.[KO][0;39m[0;97m TEST: 1 2 3 5 4 [1;91m2.[KO][0;39m[1;91m3.[KO][0;39m[0;97m TEST: 1 2 4 3 5 [1;91m4.[KO][0;39m[1;91m5.[KO][0;39m[0;97m TEST: 1 2 4 5 3 [1;91m6.[KO][0;39m[1;91m7.[KO][0;39m[0;97m TEST: 1 2 5 3 4 [1;91m8.[KO][0;39m[1;91m9.[KO][0;39m[0;97m TEST: 1 2 5 4 3 [1;91m10.[KO][0;39m[1;91m11.[KO][0;39m[0;97m TEST: 1 3 2 4 5 [1;91m12.[KO][0;39m[1;91m13.[KO][0;39m[0;97m TEST: 1 3 2 5 4 [1;91m14.[KO][0;39m[1;91m15.[KO][0;39m[0;97m TEST: 1 3 4 2 5 [1;91m16.[KO][0;39m[1;91m17.[KO][0;39m[0;97m TEST: 1 3 4 5 2 [1;91m18.[KO][0;39m[1;91m19.[KO][0;39m[0;97m TEST: 1 3 5 2 4 [1;91m20.[KO][0;39m[1;91m21.[KO][0;39m[0;97m TEST: 1 3 5 4 2 [1;91m22.[KO][0;39m[1;91m23.[KO][0;39m[0;97m TEST: 1 4 2 3 5 [1;91m24.[KO][0;39m[1;91m25.[KO][0;39m[0;97m TEST: 1 4 2 5 3 [1;91m26.[KO][0;39m[1;91m27.[KO][0;39m[0;97m TEST: 1 4 3 2 5 [1;91m28.[KO][0;39m[1;91m29.[KO][0;39m[0;97m TEST: 1 4 3 5 2 [1;91m30.[KO][0;39m[1;91m31.[KO][0;39m[0;97m TEST: 1 4 5 2 3 [1;91m32.[KO][0;39m[1;91m33.[KO][0;39m[0;97m TEST: 1 4 5 3 2 [1;91m34.[KO][0;39m[1;91m35.[KO][0;39m[0;97m TEST: 1 5 2 3 4 [1;91m36.[KO][0;39m[1;91m37.[KO][0;39m[0;97m TEST: 1 5 2 4 3 [1;91m38.[KO][0;39m[1;91m39.[KO][0;39m[0;97m TEST: 1 5 3 2 4 [1;91m40.[KO][0;39m[1;91m41.[KO][0;39m[0;97m TEST: 1 5 3 4 2 [1;91m42.[KO][0;39m[1;91m43.[KO][0;39m[0;97m TEST: 1 5 3 4 2 [1;91m44.[KO][0;39m[1;91m45.[KO][0;39m[0;97m TEST: 1 5 4 2 3 [1;91m46.[KO][0;39m[1;91m47.[KO][0;39m[0;97m TEST: 1 5 4 3 2 [1;91m48.[KO][0;39m[1;91m49.[KO][0;39m[0;97m TEST: 2 1 3 4 5 [1;91m50.[KO][0;39m[1;91m51.[KO][0;39m[0;97m TEST: 2 1 3 5 4 [1;91m52.[KO][0;39m[1;91m53.[KO][0;39m[0;97m TEST: 2 1 4 3 5 [1;91m54.[KO][0;39m[1;91m55.[KO][0;39m[0;97m TEST: 2 1 4 5 3 [1;91m56.[KO][0;39m[1;91m57.[KO][0;39m[0;97m TEST: 2 1 5 3 4 [1;91m58.[KO][0;39m[1;91m59.[KO][0;39m[0;97m TEST: 2 1 5 4 3 [1;91m60.[KO][0;39m[1;91m61.[KO][0;39m[0;97m TEST: 2 3 1 4 5 [1;91m62.[KO][0;39m[1;91m63.[KO][0;39m[0;97m TEST: 2 3 1 5 4 [1;91m64.[KO][0;39m[1;91m65.[KO][0;39m[0;97m TEST: 2 3 4 1 5 [1;91m66.[KO][0;39m[1;91m67.[KO][0;39m[0;97m TEST: 2 3 4 5 1 [1;91m68.[KO][0;39m[1;91m69.[KO][0;39m[0;97m TEST: 2 3 5 1 4 [1;91m70.[KO][0;39m[1;91m71.[KO][0;39m[0;97m TEST: 2 3 5 4 1 [1;91m72.[KO][0;39m[1;91m73.[KO][0;39m[0;97m TEST: 2 4 1 3 5 [1;91m74.[KO][0;39m[1;91m75.[KO][0;39m[0;97m TEST: 2 4 1 5 3 [1;91m76.[KO][0;39m[1;91m77.[KO][0;39m[0;97m TEST: 2 4 3 1 5 [1;91m78.[KO][0;39m[1;91m79.[KO][0;39m[0;97m TEST: 2 4 3 5 1 [1;91m80.[KO][0;39m[1;91m81.[KO][0;39m[0;97m TEST: 2 4 5 1 3 [1;91m82.[KO][0;39m[1;91m83.[KO][0;39m[0;97m TEST: 2 4 5 3 1 [1;91m84.[KO][0;39m[1;91m85.[KO][0;39m[0;97m TEST: 2 5 1 3 4 [1;91m86.[KO][0;39m[1;91m87.[KO][0;39m[0;97m TEST: 2 5 1 4 3 [1;91m88.[KO][0;39m[1;91m89.[KO][0;39m[0;97m TEST: 2 5 3 1 4 [1;91m90.[KO][0;39m[1;91m91.[KO][0;39m[0;97m TEST: 2 5 3 4 1 [1;91m92.[KO][0;39m[1;91m93.[KO][0;39m[0;97m TEST: 2 5 4 1 3 [1;91m94.[KO][0;39m[1;91m95.[KO][0;39m[0;97m TEST: 2 5 4 3 1 [1;91m96.[KO][0;39m[1;91m97.[KO][0;39m[0;97m TEST: 3 1 2 4 5 [1;91m98.[KO][0;39m[1;91m99.[KO][0;39m[0;97m TEST: 3 1 2 5 4 [1;91m100.[KO][0;39m[1;91m101.[KO][0;39m[0;97m TEST: 3 1 4 2 5 [1;91m102.[KO][0;39m[1;91m103.[KO][0;39m[0;97m TEST: 3 1 4 5 2 [1;91m104.[KO][0;39m[1;91m105.[KO][0;39m[0;97m TEST: 3 1 5 2 4 [1;91m106.[KO][0;39m[1;91m107.[KO][0;39m[0;97m TEST: 3 1 5 4 2 [1;91m108.[KO][0;39m[1;91m109.[KO][0;39m[0;97m TEST: 3 2 1 4 5 [1;91m110.[KO][0;39m[1;91m111.[KO][0;39m[0;97m TEST: 3 2 1 5 4 [1;91m112.[KO][0;39m[1;91m113.[KO][0;39m[0;97m TEST: 3 2 4 1 5 [1;91m114.[KO][0;39m[1;91m115.[KO][0;39m[0;97m TEST: 3 2 4 5 1 [1;91m116.[KO][0;39m[1;91m117.[KO][0;39m[0;97m TEST: 3 2 5 1 4 [1;91m118.[KO][0;39m[1;91m119.[KO][0;39m[0;97m TEST: 3 2 5 4 1 [1;91m120.[KO][0;39m[1;91m121.[KO][0;39m[0;97m TEST: 3 4 1 2 5 [1;91m122.[KO][0;39m[1;91m123.[KO][0;39m[0;97m TEST: 3 4 1 5 2 [1;91m124.[KO][0;39m[1;91m125.[KO][0;39m[0;97m TEST: 3 4 2 1 5 [1;91m126.[KO][0;39m[1;91m127.[KO][0;39m[0;97m TEST: 3 4 2 5 1 [1;91m128.[KO][0;39m[1;91m129.[KO][0;39m[0;97m TEST: 3 4 5 1 2 [1;91m130.[KO][0;39m[1;91m131.[KO][0;39m[0;97m TEST: 3 4 5 2 1 [1;91m132.[KO][0;39m[1;91m133.[KO][0;39m[0;97m TEST: 3 5 1 2 4 [1;91m134.[KO][0;39m[1;91m135.[KO][0;39m[0;97m TEST: 3 5 1 4 2 [1;91m136.[KO][0;39m[1;91m137.[KO][0;39m[0;97m TEST: 3 5 2 1 4 [1;91m138.[KO][0;39m[1;91m139.[KO][0;39m[0;97m TEST: 3 5 2 4 1 [1;91m140.[KO][0;39m[1;91m141.[KO][0;39m[0;97m TEST: 3 5 4 1 2 [1;91m142.[KO][0;39m[1;91m143.[KO][0;39m[0;97m TEST: 3 5 4 2 1 [1;91m144.[KO][0;39m[1;91m145.[KO][0;39m[0;97m TEST: 4 1 2 3 5 [1;91m146.[KO][0;39m[1;91m147.[KO][0;39m[0;97m TEST: 4 1 2 5 3 [1;91m148.[KO][0;39m[1;91m149.[KO][0;39m[0;97m TEST: 4 1 3 2 5 [1;91m150.[KO][0;39m[1;91m151.[KO][0;39m[0;97m TEST: 4 1 3 5 2 [1;91m152.[KO][0;39m[1;91m153.[KO][0;39m[0;97m TEST: 4 1 5 2 3 [1;91m154.[KO][0;39m[1;91m155.[KO][0;39m[0;97m TEST: 4 1 5 3 2 [1;91m156.[KO][0;39m[1;91m157.[KO][0;39m[0;97m TEST: 4 2 1 3 5 [1;91m158.[KO][0;39m[1;91m159.[KO][0;39m[0;97m TEST: 4 2 1 5 3 [1;91m160.[KO][0;39m[1;91m161.[KO][0;39m[0;97m TEST: 4 2 3 1 5 [1;91m162.[KO][0;39m[1;91m163.[KO][0;39m[0;97m TEST: 4 2 3 5 1 [1;91m164.[KO][0;39m[1;91m165.[KO][0;39m[0;97m TEST: 4 2 5 1 3 [1;91m166.[KO][0;39m[1;91m167.[KO][0;39m[0;97m TEST: 4 2 5 3 1 [1;91m168.[KO][0;39m[1;91m169.[KO][0;39m[0;97m TEST: 4 3 1 2 5 [1;91m170.[KO][0;39m[1;91m171.[KO][0;39m[0;97m TEST: 4 3 1 5 2 [1;91m172.[KO][0;39m[1;91m173.[KO][0;39m[0;97m TEST: 4 3 2 1 5 [1;91m174.[KO][0;39m[1;91m175.[KO][0;39m[0;97m TEST: 4 3 2 5 1 [1;91m176.[KO][0;39m[1;91m177.[KO][0;39m[0;97m TEST: 4 3 5 1 2 [1;91m178.[KO][0;39m[1;91m179.[KO][0;39m[0;97m TEST: 4 3 5 2 1 [1;91m180.[KO][0;39m[1;91m181.[KO][0;39m[0;97m TEST: 4 5 1 2 3 [1;91m182.[KO][0;39m[1;91m183.[KO][0;39m[0;97m TEST: 4 5 1 3 2 [1;91m184.[KO][0;39m[1;91m185.[KO][0;39m[0;97m TEST: 4 5 2 1 3 [1;91m186.[KO][0;39m[1;91m187.[KO][0;39m[0;97m TEST: 4 5 2 3 1 [1;91m188.[KO][0;39m[1;91m189.[KO][0;39m[0;97m TEST: 4 5 3 1 2 [1;91m190.[KO][0;39m[1;91m191.[KO][0;39m[0;97m TEST: 4 5 3 2 1 [1;91m192.[KO][0;39m[1;91m193.[KO][0;39m[0;97m TEST: 5 1 2 3 4 [1;91m194.[KO][0;39m[1;91m195.[KO][0;39m[0;97m TEST: 5 1 2 4 3 [1;91m196.[KO][0;39m[1;91m197.[KO][0;39m[0;97m TEST: 5 1 3 2 4 [1;91m198.[KO][0;39m[1;91m199.[KO][0;39m[0;97m TEST: 5 1 3 4 2 [1;91m200.[KO][0;39m[1;91m201.[KO][0;39m[0;97m TEST: 5 1 4 2 3 [1;91m202.[KO][0;39m[1;91m203.[KO][0;39m[0;97m TEST: 5 1 4 3 2 [1;91m204.[KO][0;39m[1;91m205.[KO][0;39m[0;97m TEST: 5 1 4 3 2 [1;91m206.[KO][0;39m[1;91m207.[KO][0;39m[0;97m TEST: 5 1 4 3 2 [1;91m208.[KO][0;39m[1;91m209.[KO][0;39m[0;97m TEST: 5 2 3 1 4 [1;91m210.[KO][0;39m[1;91m211.[KO][0;39m[0;97m TEST: 5 2 3 4 1 [1;91m212.[KO][0;39m[1;91m213.[KO][0;39m[0;97m TEST: 5 2 4 1 3 [1;91m214.[KO][0;39m[1;91m215.[KO][0;39m[0;97m TEST: 5 2 4 3 1 [1;91m216.[KO][0;39m[1;91m217.[KO][0;39m[0;97m TEST: 5 3 1 2 4 [1;91m218.[KO][0;39m[1;91m219.[KO][0;39m[0;97m TEST: 5 3 1 4 2 [1;91m220.[KO][0;39m[1;91m221.[KO][0;39m[0;97m TEST: 5 3 2 1 4 [1;91m222.[KO][0;39m[1;91m223.[KO][0;39m[0;97m TEST: 5 3 2 4 1 [1;91m224.[KO][0;39m[1;91m225.[KO][0;39m[0;97m TEST: 5 3 4 1 2 [1;91m226.[KO][0;39m[1;91m227.[KO][0;39m[0;97m TEST: 5 3 4 2 1 [1;91m228.[KO][0;39m[1;91m229.[KO][0;39m[0;97m TEST: 5 4 1 2 3 [1;91m230.[KO][0;39m[1;91m231.[KO][0;39m[0;97m TEST: 5 4 1 3 2 [1;91m232.[KO][0;39m[1;91m233.[KO][0;39m[0;97m TEST: 5 4 2 1 3 [1;91m234.[KO][0;39m[1;91m235.[KO][0;39m[0;97m TEST: 5 4 2 3 1 [1;91m236.[KO][0;39m[1;91m237.[KO][0;39m[0;97m TEST: 5 4 3 1 2 [1;91m238.[KO][0;39m[1;91m239.[KO][0;39m[0;97m TEST: 5 4 3 2 1 [1;91m240.[KO][0;39m[0;94m
-------------------------------------------------------------

[0;39m[0;94m
		  Multiple size <= 100		
[0;39m[0;94m
-------------------------------------------------------------

[0;39m[1;91m1 .[KO][0;39m[0;96m Moves:    1286[0;39m
[1;91m2 .[KO][0;39m[0;96m Moves:    1286[0;39m
[1;91m3 .[KO][0;39m[0;96m Moves:    1286[0;39m
[1;91m4 .[KO][0;39m[0;96m Moves:    1286[0;39m
[1;91m5 .[KO][0;39m[0;96m Moves:    1286[0;39m
[1;91m6 .[KO][0;39m[0;96m Moves:    1286[0;39m
[1;91m7 .[KO][0;39m[0;96m Moves:    1286[0;39m
[1;91m8 .[KO][0;39m[0;96m Moves:    1286[0;39m
[1;91m9 .[KO][0;39m[0;96m Moves:    1286[0;39m
[1;91m10 .[KO][0;39m[0;96m Moves:    1286[0;39m
[1;91m11 .[KO][0;39m[0;96m Moves:    1286[0;39m
[1;91m12 .[KO][0;39m[0;96m Moves:    1286[0;39m
[1;91m13 .[KO][0;39m[0;96m Moves:    1286[0;39m
[1;91m14 .[KO][0;39m[0;96m Moves:    1286[0;39m
[1;91m15 .[KO][0;39m[0;96m Moves:    1286[0;39m
[1;91m16 .[KO][0;39m[0;96m Moves:    1286[0;39m
[1;91m17 .[KO][0;39m[0;96m Moves:    1286[0;39m
[1;91m18 .[KO][0;39m[0;96m Moves:    1286[0;39m
[1;91m19 .[KO][0;39m[0;96m Moves:    1286[0;39m
[1;91m20 .[KO][0;39m[0;96m Moves:    1286[0;39m
[1;91m21 .[KO][0;39m[0;96m Moves:    1286[0;39m
[1;91m22 .[KO][0;39m[0;96m Moves:    1286[0;39m
[1;91m23 .[KO][0;39m[0;96m Moves:    1286[0;39m
[1;91m24 .[KO][0;39m[0;96m Moves:    1286[0;39m
[1;91m25 .[KO][0;39m[0;96m Moves:    1286[0;39m
[1;91m26 .[KO][0;39m[0;96m Moves:    1286[0;39m
[1;91m27 .[KO][0;39m[0;96m Moves:    1286[0;39m
[1;91m28 .[KO][0;39m[0;96m Moves:    1286[0;39m
[1;91m29 .[KO][0;39m[0;96m Moves:    1286[0;39m
[1;91m30 .[KO][0;39m[0;96m Moves:    1286[0;39m
[1;91m31 .[KO][0;39m[0;96m Moves:    1286[0;39m
[1;91m32 .[KO][0;39m[0;96m Moves:    1286[0;39m
[1;91m33 .[KO][0;39m[0;96m Moves:    1286[0;39m
[1;91m34 .[KO][0;39m[0;96m Moves:    1286[0;39m
[1;91m35 .[KO][0;39m[0;96m Moves:    1286[0;39m
[1;91m36 .[KO][0;39m[0;96m Moves:    1286[0;39m
[1;91m37 .[KO][0;39m[0;96m Moves:    1286[0;39m
[1;91m38 .[KO][0;39m[0;96m Moves:    1286[0;39m
[1;91m39 .[KO][0;39m[0;96m Moves:    1286[0;39m
[1;91m40 .[KO][0;39m[0;96m Moves:    1286[0;39m
[1;91m41 .[KO][0;39m[0;96m Moves:    1286[0;39m
[1;91m42 .[KO][0;39m[0;96m Moves:    1286[0;39m
[1;91m43 .[KO][0;39m[0;96m Moves:    1286[0;39m
[1;91m44 .[KO][0;39m[0;96m Moves:    1286[0;39m
[1;91m45 .[KO][0;39m[0;96m Moves:    1286[0;39m
[1;91m46 .[KO][0;39m[0;96m Moves:    1286[0;39m
[1;91m47 .[KO][0;39m[0;96m Moves:    1286[0;39m
[1;91m48 .[KO][0;39m[0;96m Moves:    1286[0;39m
[1;91m49 .[KO][0;39m[0;96m Moves:    1286[0;39m
[1;91m50 .[KO][0;39m[0;96m Moves:    1286[0;39m
[1;91m51 .[KO][0;39m[0;96m Moves:    1286[0;39m
[1;91m52 .[KO][0;39m[0;96m Moves:    1286[0;39m
[1;91m53 .[KO][0;39m[0;96m Moves:    1286[0;39m
[1;91m54 .[KO][0;39m[0;96m Moves:    1286[0;39m
[1;91m55 .[KO][0;39m[0;96m Moves:    1286[0;39m
[1;91m56 .[KO][0;39m[0;96m Moves:    1286[0;39m
[1;91m57 .[KO][0;39m[0;96m Moves:    1286[0;39m
[1;91m58 .[KO][0;39m[0;96m Moves:    1286[0;39m
[1;91m59 .[KO][0;39m[0;96m Moves:    1286[0;39m
[1;91m60 .[KO][0;39m[0;96m Moves:    1286[0;39m
[1;91m61 .[KO][0;39m[0;96m Moves:    1286[0;39m
[1;91m62 .[KO][0;39m[0;96m Moves:    1286[0;39m
[1;91m63 .[KO][0;39m[0;96m Moves:    1286[0;39m
[1;91m64 .[KO][0;39m[0;96m Moves:    1286[0;39m
[1;91m65 .[KO][0;39m[0;96m Moves:    1286[0;39m
[1;91m66 .[KO][0;39m[0;96m Moves:    1286[0;39m
[1;91m67 .[KO][0;39m[0;96m Moves:    1286[0;39m
[1;91m68 .[KO][0;39m[0;96m Moves:    1286[0;39m
[1;91m69 .[KO][0;39m[0;96m Moves:    1286[0;39m
[1;91m70 .[KO][0;39m[0;96m Moves:    1286[0;39m
[1;91m71 .[KO][0;39m[0;96m Moves:    1286[0;39m
[1;91m72 .[KO][0;39m[0;96m Moves:    1286[0;39m
[1;91m73 .[KO][0;39m[0;96m Moves:    1286[0;39m
[1;91m74 .[KO][0;39m[0;96m Moves:    1286[0;39m
[1;91m75 .[KO][0;39m[0;96m Moves:    1286[0;39m
[1;91m76 .[KO][0;39m[0;96m Moves:    1286[0;39m
[1;91m77 .[KO][0;39m[0;96m Moves:    1286[0;39m
[1;91m78 .[KO][0;39m[0;96m Moves:    1286[0;39m
[1;91m79 .[KO][0;39m[0;96m Moves:    1286[0;39m
[1;91m80 .[KO][0;39m[0;96m Moves:    1286[0;39m
[1;91m81 .[KO][0;39m[0;96m Moves:    1286[0;39m
[1;91m82 .[KO][0;39m[0;96m Moves:    1286[0;39m
[1;91m83 .[KO][0;39m[0;96m Moves:    1286[0;39m
[1;91m84 .[KO][0;39m[0;96m Moves:    1286[0;39m
[1;91m85 .[KO][0;39m[0;96m Moves:    1286[0;39m
[1;91m86 .[KO][0;39m[0;96m Moves:    1286[0;39m
[1;91m87 .[KO][0;39m[0;96m Moves:    1286[0;39m
[1;91m88 .[KO][0;39m[0;96m Moves:    1286[0;39m
[1;91m89 .[KO][0;39m[0;96m Moves:    1286[0;39m
[1;91m90 .[KO][0;39m[0;96m Moves:    1286[0;39m
[1;91m91 .[KO][0;39m[0;96m Moves:    1286[0;39m
[1;91m92 .[KO][0;39m[0;96m Moves:    1286[0;39m
[1;91m93 .[KO][0;39m[0;96m Moves:    1286[0;39m
[1;91m94 .[KO][0;39m[0;96m Moves:    1286[0;39m
[1;91m95 .[KO][0;39m[0;96m Moves:    1286[0;39m
[1;91m96 .[KO][0;39m[0;96m Moves:    1286[0;39m
[1;91m97 .[KO][0;39m[0;96m Moves:    1286[0;39m
[1;91m98 .[KO][0;39m[0;96m Moves:    1286[0;39m
[1;91m99 .[KO][0;39m[0;96m Moves:    1286[0;39m
[1;91m100 .[KO][0;39m[0;96m Moves:    1286[0;39m
[1;91m101 .[KO][0;39m[0;96m Moves:    1286[0;39m
[1;91m102 .[KO][0;39m[0;96m Moves:    1286[0;39m
[1;91m103 .[KO][0;39m[0;96m Moves:    1286[0;39m
[1;91m104 .[KO][0;39m[0;96m Moves:    1286[0;39m
[1;91m105 .[KO][0;39m[0;96m Moves:    1286[0;39m
[1;91m106 .[KO][0;39m[0;96m Moves:    1286[0;39m
[1;91m107 .[KO][0;39m[0;96m Moves:    1286[0;39m
[1;91m108 .[KO][0;39m[0;96m Moves:    1286[0;39m
[1;91m109 .[KO][0;39m[0;96m Moves:    1286[0;39m
[1;91m110 .[KO][0;39m[0;96m Moves:    1286[0;39m
[1;91m111 .[KO][0;39m[0;96m Moves:    1286[0;39m
[1;91m112 .[KO][0;39m[0;96m Moves:    1286[0;39m
[1;91m113 .[KO][0;39m[0;96m Moves:    1286[0;39m
[1;91m114 .[KO][0;39m[0;96m Moves:    1286[0;39m
[1;91m115 .[KO][0;39m[0;96m Moves:    1286[0;39m
[1;91m116 .[KO][0;39m[0;96m Moves:    1286[0;39m
[1;91m117 .[KO][0;39m[0;96m Moves:    1286[0;39m
[1;91m118 .[KO][0;39m[0;96m Moves:    1286[0;39m
[1;91m119 .[KO][0;39m[0;96m Moves:    1286[0;39m
[1;91m120 .[KO][0;39m[0;96m Moves:    1286[0;39m
[1;91m121 .[KO][0;39m[0;96m Moves:    1286[0;39m
[1;91m122 .[KO][0;39m[0;96m Moves:    1286[0;39m
[1;91m123 .[KO][0;39m[0;96m Moves:    1286[0;39m
[1;91m124 .[KO][0;39m[0;96m Moves:    1286[0;39m
[1;91m125 .[KO][0;39m[0;96m Moves:    1286[0;39m
[1;91m126 .[KO][0;39m[0;96m Moves:    1286[0;39m
[1;91m127 .[KO][0;39m[0;96m Moves:    1286[0;39m
[1;91m128 .[KO][0;39m[0;96m Moves:    1286[0;39m
[1;91m129 .[KO][0;39m[0;96m Moves:    1286[0;39m
[1;91m130 .[KO][0;39m[0;96m Moves:    1286[0;39m
[1;91m131 .[KO][0;39m[0;96m Moves:    1286[0;39m
[1;91m132 .[KO][0;39m[0;96m Moves:    1286[0;39m
[1;91m133 .[KO][0;39m[0;96m Moves:    1286[0;39m
[1;91m134 .[KO][0;39m[0;96m Moves:    1286[0;39m
[1;91m135 .[KO][0;39m[0;96m Moves:    1286[0;39m
[1;91m136 .[KO][0;39m[0;96m Moves:    1286[0;39m
[1;91m137 .[KO][0;39m[0;96m Moves:    1286[0;39m
[1;91m138 .[KO][0;39m[0;96m Moves:    1286[0;39m
[1;91m139 .[KO][0;39m[0;96m Moves:    1286[0;39m
[1;91m140 .[KO][0;39m[0;96m Moves:    1286[0;39m
[1;91m141 .[KO][0;39m[0;96m Moves:    1286[0;39m
[1;91m142 .[KO][0;39m[0;96m Moves:    1286[0;39m
[1;91m143 .[KO][0;39m[0;96m Moves:    1286[0;39m
[1;91m144 .[KO][0;39m[0;96m Moves:    1286[0;39m
[1;91m145 .[KO][0;39m[0;96m Moves:    1286[0;39m
[1;91m146 .[KO][0;39m[0;96m Moves:    1286[0;39m
[1;91m147 .[KO][0;39m[0;96m Moves:    1286[0;39m
[1;91m148 .[KO][0;39m[0;96m Moves:    1286[0;39m
[1;91m149 .[KO][0;39m[0;96m Moves:    1286[0;39m
[1;91m150 .[KO][0;39m[0;96m Moves:    1286[0;39m
[1;91m151 .[KO][0;39m[0;96m Moves:    1286[0;39m
[1;91m152 .[KO][0;39m[0;96m Moves:    1286[0;39m
[1;91m153 .[KO][0;39m[0;96m Moves:    1286[0;39m
[1;91m154 .[KO][0;39m[0;96m Moves:    1286[0;39m
[1;91m155 .[KO][0;39m[0;96m Moves:    1286[0;39m
[1;91m156 .[KO][0;39m[0;96m Moves:    1286[0;39m
[1;91m157 .[KO][0;39m[0;96m Moves:    1286[0;39m
[1;91m158 .[KO][0;39m[0;96m Moves:    1286[0;39m
[1;91m159 .[KO][0;39m[0;96m Moves:    1286[0;39m
[1;91m160 .[KO][0;39m[0;96m Moves:    1286[0;39m
[1;91m161 .[KO][0;39m[0;96m Moves:    1286[0;39m
[1;91m162 .[KO][0;39m[0;96m Moves:    1286[0;39m
[1;91m163 .[KO][0;39m[0;96m Moves:    1286[0;39m
[1;91m164 .[KO][0;39m[0;96m Moves:    1286[0;39m
[1;91m165 .[KO][0;39m[0;96m Moves:    1286[0;39m
[1;91m166 .[KO][0;39m[0;96m Moves:    1286[0;39m
[1;91m167 .[KO][0;39m[0;96m Moves:    1286[0;39m
[1;91m168 .[KO][0;39m[0;96m Moves:    1286[0;39m
[1;91m169 .[KO][0;39m[0;96m Moves:    1286[0;39m
[1;91m170 .[KO][0;39m[0;96m Moves:    1286[0;39m
[1;91m171 .[KO][0;39m[0;96m Moves:    1286[0;39m
[1;91m172 .[KO][0;39m[0;96m Moves:    1286[0;39m
[1;91m173 .[KO][0;39m[0;96m Moves:    1286[0;39m
[1;91m174 .[KO][0;39m[0;96m Moves:    1286[0;39m
[1;91m175 .[KO][0;39m[0;96m Moves:    1286[0;39m
[1;91m176 .[KO][0;39m[0;96m Moves:    1286[0;39m
[1;91m177 .[KO][0;39m[0;96m Moves:    1286[0;39m
[1;91m178 .[KO][0;39m[0;96m Moves:    1286[0;39m
[1;91m179 .[KO][0;39m[0;96m Moves:    1286[0;39m
[1;91m180 .[KO][0;39m[0;96m Moves:    1286[0;39m
[1;91m181 .[KO][0;39m[0;96m Moves:    1286[0;39m
[1;91m182 .[KO][0;39m[0;96m Moves:    1286[0;39m
[1;91m183 .[KO][0;39m[0;96m Moves:    1286[0;39m
[1;91m184 .[KO][0;39m[0;96m Moves:    1286[0;39m
[1;91m185 .[KO][0;39m[0;96m Moves:    1286[0;39m
[1;91m186 .[KO][0;39m[0;96m Moves:    1286[0;39m
[1;91m187 .[KO][0;39m[0;96m Moves:    1286[0;39m
[1;91m188 .[KO][0;39m[0;96m Moves:    1286[0;39m
[1;91m189 .[KO][0;39m[0;96m Moves:    1286[0;39m
[1;91m190 .[KO][0;39m[0;96m Moves:    1286[0;39m
[1;91m191 .[KO][0;39m[0;96m Moves:    1286[0;39m
[1;91m192 .[KO][0;39m[0;96m Moves:    1286[0;39m
[1;91m193 .[KO][0;39m[0;96m Moves:    1286[0;39m
[1;91m194 .[KO][0;39m[0;96m Moves:    1286[0;39m
[1;91m195 .[KO][0;39m[0;96m Moves:    1286[0;39m
[1;91m196 .[KO][0;39m[0;96m Moves:    1286[0;39m
[1;91m197 .[KO][0;39m[0;96m Moves:    1286[0;39m
[1;91m198 .[KO][0;39m[0;96m Moves:    1286[0;39m
[1;91m199 .[KO][0;39m[0;96m Moves:    1286[0;39m
[1;91m200 .[KO][0;39m[0;96m Moves:    1286[0;39m
[1;91m201 .[KO][0;39m[0;96m Moves:    1286[0;39m
[0;96m

Max: 1286[0;39m
[0;96mMin: 1286[0;39m
[0;96mAverage: 0[0;39m
[0;97m

Test [0;39m[1;92m[5/5] [0;97m0/201[0;97m
Test [0;39m[1;91m[NO SORTED] [0;97m201/201
[0;96m
Check traces /Users/sabansac/Desktop/push_swap/traces.txt
[0;94m
-------------------------------------------------------------

[0;39m[0;94m
		  Multiple size <= 500		
[0;39m[0;94m
-------------------------------------------------------------

[0;39m[1;91m1 .[KO][0;39m[0;96m Moves:    7252[0;39m
[1;91m2 .[KO][0;39m[0;96m Moves:    7252[0;39m
[1;91m3 .[KO][0;39m[0;96m Moves:    7252[0;39m
[1;91m4 .[KO][0;39m[0;96m Moves:    7252[0;39m
[1;91m5 .[KO][0;39m[0;96m Moves:    7252[0;39m
[1;91m6 .[KO][0;39m[0;96m Moves:    7252[0;39m
[1;91m7 .[KO][0;39m[0;96m Moves:    7252[0;39m
[1;91m8 .[KO][0;39m[0;96m Moves:    7252[0;39m
[1;91m9 .[KO][0;39m[0;96m Moves:    7252[0;39m
[1;91m10 .[KO][0;39m[0;96m Moves:    7252[0;39m
[1;91m11 .[KO][0;39m[0;96m Moves:    7252[0;39m
[1;91m12 .[KO][0;39m[0;96m Moves:    7252[0;39m
[1;91m13 .[KO][0;39m[0;96m Moves:    7252[0;39m
[1;91m14 .[KO][0;39m[0;96m Moves:    7252[0;39m
[1;91m15 .[KO][0;39m[0;96m Moves:    7252[0;39m
[1;91m16 .[KO][0;39m[0;96m Moves:    7252[0;39m
[1;91m17 .[KO][0;39m[0;96m Moves:    7252[0;39m
[1;91m18 .[KO][0;39m[0;96m Moves:    7252[0;39m
[1;91m19 .[KO][0;39m[0;96m Moves:    7252[0;39m
[1;91m20 .[KO][0;39m[0;96m Moves:    7252[0;39m
[1;91m21 .[KO][0;39m[0;96m Moves:    7252[0;39m
[1;91m22 .[KO][0;39m[0;96m Moves:    7252[0;39m
[1;91m23 .[KO][0;39m[0;96m Moves:    7252[0;39m
[1;91m24 .[KO][0;39m[0;96m Moves:    7252[0;39m
[1;91m25 .[KO][0;39m[0;96m Moves:    7252[0;39m
[1;91m26 .[KO][0;39m[0;96m Moves:    7252[0;39m
[1;91m27 .[KO][0;39m[0;96m Moves:    7252[0;39m
[1;91m28 .[KO][0;39m[0;96m Moves:    7252[0;39m
[1;91m29 .[KO][0;39m[0;96m Moves:    7252[0;39m
[1;91m30 .[KO][0;39m[0;96m Moves:    7252[0;39m
[1;91m31 .[KO][0;39m[0;96m Moves:    7252[0;39m
[1;91m32 .[KO][0;39m[0;96m Moves:    7252[0;39m
[1;91m33 .[KO][0;39m[0;96m Moves:    7252[0;39m
[1;91m34 .[KO][0;39m[0;96m Moves:    7252[0;39m
[1;91m35 .[KO][0;39m[0;96m Moves:    7252[0;39m
[1;91m36 .[KO][0;39m[0;96m Moves:    7252[0;39m
[1;91m37 .[KO][0;39m[0;96m Moves:    7252[0;39m
[1;91m38 .[KO][0;39m[0;96m Moves:    7252[0;39m
[1;91m39 .[KO][0;39m[0;96m Moves:    7252[0;39m
[1;91m40 .[KO][0;39m[0;96m Moves:    7252[0;39m
[1;91m41 .[KO][0;39m[0;96m Moves:    7252[0;39m
[1;91m42 .[KO][0;39m[0;96m Moves:    7252[0;39m
[1;91m43 .[KO][0;39m[0;96m Moves:    7252[0;39m
[1;91m44 .[KO][0;39m[0;96m Moves:    7252[0;39m
[1;91m45 .[KO][0;39m[0;96m Moves:    7252[0;39m
[1;91m46 .[KO][0;39m[0;96m Moves:    7252[0;39m
[1;91m47 .[KO][0;39m[0;96m Moves:    7252[0;39m
[1;91m48 .[KO][0;39m[0;96m Moves:    7252[0;39m
[1;91m49 .[KO][0;39m[0;96m Moves:    7252[0;39m
[1;91m50 .[KO][0;39m[0;96m Moves:    7252[0;39m
[1;91m51 .[KO][0;39m[0;96m Moves:    7252[0;39m
[1;91m52 .[KO][0;39m[0;96m Moves:    7252[0;39m
[1;91m53 .[KO][0;39m[0;96m Moves:    7252[0;39m
[1;91m54 .[KO][0;39m[0;96m Moves:    7252[0;39m
[1;91m55 .[KO][0;39m[0;96m Moves:    7252[0;39m
[1;91m56 .[KO][0;39m[0;96m Moves:    7252[0;39m
[1;91m57 .[KO][0;39m[0;96m Moves:    7252[0;39m
[1;91m58 .[KO][0;39m[0;96m Moves:    7252[0;39m
[1;91m59 .[KO][0;39m[0;96m Moves:    7252[0;39m
[1;91m60 .[KO][0;39m[0;96m Moves:    7252[0;39m
[1;91m61 .[KO][0;39m[0;96m Moves:    7252[0;39m
[1;91m62 .[KO][0;39m[0;96m Moves:    7252[0;39m
[1;91m63 .[KO][0;39m[0;96m Moves:    7252[0;39m
[1;91m64 .[KO][0;39m[0;96m Moves:    7252[0;39m
[1;91m65 .[KO][0;39m[0;96m Moves:    7252[0;39m
[1;91m66 .[KO][0;39m[0;96m Moves:    7252[0;39m
[1;91m67 .[KO][0;39m[0;96m Moves:    7252[0;39m
[1;91m68 .[KO][0;39m[0;96m Moves:    7252[0;39m
[1;91m69 .[KO][0;39m[0;96m Moves:    7252[0;39m
[1;91m70 .[KO][0;39m[0;96m Moves:    7252[0;39m
[1;91m71 .[KO][0;39m[0;96m Moves:    7252[0;39m
[1;91m72 .[KO][0;39m[0;96m Moves:    7252[0;39m
[1;91m73 .[KO][0;39m[0;96m Moves:    7252[0;39m
[1;91m74 .[KO][0;39m[0;96m Moves:    7252[0;39m
[1;91m75 .[KO][0;39m[0;96m Moves:    7252[0;39m
[1;91m76 .[KO][0;39m[0;96m Moves:    7252[0;39m
[1;91m77 .[KO][0;39m[0;96m Moves:    7252[0;39m
[1;91m78 .[KO][0;39m[0;96m Moves:    7252[0;39m
[1;91m79 .[KO][0;39m[0;96m Moves:    7252[0;39m
[1;91m80 .[KO][0;39m[0;96m Moves:    7252[0;39m
[1;91m81 .[KO][0;39m[0;96m Moves:    7252[0;39m
[1;91m82 .[KO][0;39m[0;96m Moves:    7252[0;39m
[1;91m83 .[KO][0;39m[0;96m Moves:    7252[0;39m
[1;91m84 .[KO][0;39m[0;96m Moves:    7252[0;39m
[1;91m85 .[KO][0;39m[0;96m Moves:    7252[0;39m
[1;91m86 .[KO][0;39m[0;96m Moves:    7252[0;39m
[1;91m87 .[KO][0;39m[0;96m Moves:    7252[0;39m
[1;91m88 .[KO][0;39m[0;96m Moves:    7252[0;39m
[1;91m89 .[KO][0;39m[0;96m Moves:    7252[0;39m
[1;91m90 .[KO][0;39m[0;96m Moves:    7252[0;39m
[1;91m91 .[KO][0;39m[0;96m Moves:    7252[0;39m
[1;91m92 .[KO][0;39m[0;96m Moves:    7252[0;39m
[1;91m93 .[KO][0;39m[0;96m Moves:    7252[0;39m
[1;91m94 .[KO][0;39m[0;96m Moves:    7252[0;39m
[1;91m95 .[KO][0;39m[0;96m Moves:    7252[0;39m
[1;91m96 .[KO][0;39m[0;96m Moves:    7252[0;39m
[1;91m97 .[KO][0;39m[0;96m Moves:    7252[0;39m
[1;91m98 .[KO][0;39m[0;96m Moves:    7252[0;39m
[1;91m99 .[KO][0;39m[0;96m Moves:    7252[0;39m
[1;91m100 .[KO][0;39m[0;96m Moves:    7252[0;39m
[1;91m101 .[KO][0;39m[0;96m Moves:    7252[0;39m
[1;91m102 .[KO][0;39m[0;96m Moves:    7252[0;39m
[1;91m103 .[KO][0;39m[0;96m Moves:    7252[0;39m
[1;91m104 .[KO][0;39m[0;96m Moves:    7252[0;39m
[1;91m105 .[KO][0;39m[0;96m Moves:    7252[0;39m
[1;91m106 .[KO][0;39m[0;96m Moves:    7252[0;39m
[1;91m107 .[KO][0;39m[0;96m Moves:    7252[0;39m
[1;91m108 .[KO][0;39m[0;96m Moves:    7252[0;39m
[1;91m109 .[KO][0;39m[0;96m Moves:    7252[0;39m
[1;91m110 .[KO][0;39m[0;96m Moves:    7252[0;39m
[1;91m111 .[KO][0;39m[0;96m Moves:    7252[0;39m
[1;91m112 .[KO][0;39m[0;96m Moves:    7252[0;39m
[1;91m113 .[KO][0;39m[0;96m Moves:    7252[0;39m
[1;91m114 .[KO][0;39m[0;96m Moves:    7252[0;39m
[1;91m115 .[KO][0;39m[0;96m Moves:    7252[0;39m
[1;91m116 .[KO][0;39m[0;96m Moves:    7252[0;39m
[1;91m117 .[KO][0;39m[0;96m Moves:    7252[0;39m
[1;91m118 .[KO][0;39m[0;96m Moves:    7252[0;39m
[1;91m119 .[KO][0;39m[0;96m Moves:    7252[0;39m
[1;91m120 .[KO][0;39m[0;96m Moves:    7252[0;39m
[1;91m121 .[KO][0;39m[0;96m Moves:    7252[0;39m
[1;91m122 .[KO][0;39m[0;96m Moves:    7252[0;39m
[1;91m123 .[KO][0;39m[0;96m Moves:    7252[0;39m
[1;91m124 .[KO][0;39m[0;96m Moves:    7252[0;39m
[1;91m125 .[KO][0;39m[0;96m Moves:    7252[0;39m
[1;91m126 .[KO][0;39m[0;96m Moves:    7252[0;39m
[1;91m127 .[KO][0;39m[0;96m Moves:    7252[0;39m
[1;91m128 .[KO][0;39m[0;96m Moves:    7252[0;39m
[1;91m129 .[KO][0;39m[0;96m Moves:    7252[0;39m
[1;91m130 .[KO][0;39m[0;96m Moves:    7252[0;39m
[1;91m131 .[KO][0;39m[0;96m Moves:    7252[0;39m
[1;91m132 .[KO][0;39m[0;96m Moves:    7252[0;39m
[1;91m133 .[KO][0;39m[0;96m Moves:    7252[0;39m
[1;91m134 .[KO][0;39m[0;96m Moves:    7252[0;39m
[1;91m135 .[KO][0;39m[0;96m Moves:    7252[0;39m
[1;91m136 .[KO][0;39m[0;96m Moves:    7252[0;39m
[1;91m137 .[KO][0;39m[0;96m Moves:    7252[0;39m
[1;91m138 .[KO][0;39m[0;96m Moves:    7252[0;39m
[1;91m139 .[KO][0;39m[0;96m Moves:    7252[0;39m
[1;91m140 .[KO][0;39m[0;96m Moves:    7252[0;39m
[1;91m141 .[KO][0;39m[0;96m Moves:    7252[0;39m
[1;91m142 .[KO][0;39m[0;96m Moves:    7252[0;39m
[1;91m143 .[KO][0;39m[0;96m Moves:    7252[0;39m
[1;91m144 .[KO][0;39m[0;96m Moves:    7252[0;39m
[1;91m145 .[KO][0;39m[0;96m Moves:    7252[0;39m
[1;91m146 .[KO][0;39m[0;96m Moves:    7252[0;39m
[1;91m147 .[KO][0;39m[0;96m Moves:    7252[0;39m
[1;91m148 .[KO][0;39m[0;96m Moves:    7252[0;39m
[1;91m149 .[KO][0;39m[0;96m Moves:    7252[0;39m
[1;91m150 .[KO][0;39m[0;96m Moves:    7252[0;39m
[1;91m151 .[KO][0;39m[0;96m Moves:    7252[0;39m
[1;91m152 .[KO][0;39m[0;96m Moves:    7252[0;39m
[1;91m153 .[KO][0;39m[0;96m Moves:    7252[0;39m
[1;91m154 .[KO][0;39m[0;96m Moves:    7252[0;39m
[1;91m155 .[KO][0;39m[0;96m Moves:    7252[0;39m
[1;91m156 .[KO][0;39m[0;96m Moves:    7252[0;39m
[1;91m157 .[KO][0;39m[0;96m Moves:    7252[0;39m
[1;91m158 .[KO][0;39m[0;96m Moves:    7252[0;39m
[1;91m159 .[KO][0;39m[0;96m Moves:    7252[0;39m
[1;91m160 .[KO][0;39m[0;96m Moves:    7252[0;39m
[1;91m161 .[KO][0;39m[0;96m Moves:    7252[0;39m
[1;91m162 .[KO][0;39m[0;96m Moves:    7252[0;39m
[1;91m163 .[KO][0;39m[0;96m Moves:    7252[0;39m
[1;91m164 .[KO][0;39m[0;96m Moves:    7252[0;39m
[1;91m165 .[KO][0;39m[0;96m Moves:    7252[0;39m
[1;91m166 .[KO][0;39m[0;96m Moves:    7252[0;39m
[1;91m167 .[KO][0;39m[0;96m Moves:    7252[0;39m
[1;91m168 .[KO][0;39m[0;96m Moves:    7252[0;39m
[1;91m169 .[KO][0;39m[0;96m Moves:    7252[0;39m
[1;91m170 .[KO][0;39m[0;96m Moves:    7252[0;39m
[1;91m171 .[KO][0;39m[0;96m Moves:    7252[0;39m
[1;91m172 .[KO][0;39m[0;96m Moves:    7252[0;39m
[1;91m173 .[KO][0;39m[0;96m Moves:    7252[0;39m
[1;91m174 .[KO][0;39m[0;96m Moves:    7252[0;39m
[1;91m175 .[KO][0;39m[0;96m Moves:    7252[0;39m
[1;91m176 .[KO][0;39m[0;96m Moves:    7252[0;39m
[1;91m177 .[KO][0;39m[0;96m Moves:    7252[0;39m
[1;91m178 .[KO][0;39m[0;96m Moves:    7252[0;39m
[1;91m179 .[KO][0;39m[0;96m Moves:    7252[0;39m
[1;91m180 .[KO][0;39m[0;96m Moves:    7252[0;39m
[1;91m181 .[KO][0;39m[0;96m Moves:    7252[0;39m
[1;91m182 .[KO][0;39m[0;96m Moves:    7252[0;39m
[1;91m183 .[KO][0;39m[0;96m Moves:    7252[0;39m
[1;91m184 .[KO][0;39m[0;96m Moves:    7252[0;39m
[1;91m185 .[KO][0;39m[0;96m Moves:    7252[0;39m
[1;91m186 .[KO][0;39m[0;96m Moves:    7252[0;39m
[1;91m187 .[KO][0;39m[0;96m Moves:    7252[0;39m
[1;91m188 .[KO][0;39m[0;96m Moves:    7252[0;39m
[1;91m189 .[KO][0;39m[0;96m Moves:    7252[0;39m
[1;91m190 .[KO][0;39m[0;96m Moves:    7252[0;39m
[1;91m191 .[KO][0;39m[0;96m Moves:    7252[0;39m
[1;91m192 .[KO][0;39m[0;96m Moves:    7252[0;39m
[1;91m193 .[KO][0;39m[0;96m Moves:    7252[0;39m
[1;91m194 .[KO][0;39m[0;96m Moves:    7252[0;39m
[1;91m195 .[KO][0;39m[0;96m Moves:    7252[0;39m
[1;91m196 .[KO][0;39m[0;96m Moves:    7252[0;39m
[1;91m197 .[KO][0;39m[0;96m Moves:    7252[0;39m
[1;91m198 .[KO][0;39m[0;96m Moves:    7252[0;39m
[1;91m199 .[KO][0;39m[0;96m Moves:    7252[0;39m
[1;91m200 .[KO][0;39m[0;96m Moves:    7252[0;39m
[1;91m201 .[KO][0;39m[0;96m Moves:    7252[0;39m
[0;96m

Max move: 7252[0;39m
[0;96mMin move: 7252[0;39m
[0;96mAverage: 0[0;39m
[0;97m

Test [0;39m[1;92m[5/5] [0;97m0/201[0;97m
Test [0;39m[1;91m[NO SORTED] [0;97m201/201
[0;96m
Check traces /Users/sabansac/Desktop/push_swap/traces.txt
[0;94m
-------------------------------------------------------------

[0;39m[0;94m
		  Order nums		
[0;39m[0;94m
-------------------------------------------------------------

[0;39m[1;92m1. [OK][0;39m[1;92m[MOK] [0;39m
[1;91m2. [KO][0;39m[1;92m[MOK] [0;39m
[1;91m3. [KO][0;39m[1;92m[MOK] [0;39m
[1;91m4. [KO][0;39m[1;92m[MOK] [0;39m
[1;91m5. [KO][0;39m[1;92m[MOK] [0;39m
[1;91m6. [KO][0;39m[1;92m[MOK] [0;39m
[1;91m7. [KO][0;39m[1;92m[MOK] [0;39m
[1;91m8. [KO][0;39m[1;92m[MOK] [0;39m
[1;91m9. [KO][0;39m[1;92m[MOK] [0;39m
[0;94m
-------------------------------------------------------------
[0;39m[0;93m
		TEST CREATED BY: [0;39m[0;96mGEMARTIN	
[0;39m[0;94m
-------------------------------------------------------------
[0;39m[0;94m
-------------------------------------------------------------
[0;39m[0;94m
			CONTROL ERRORS	
[0;39m[0;94m
-------------------------------------------------------------

[0;39m[1;92m1.[OK] [0;39m
[1;92m2.[OK] [0;39m
[1;92m3.[OK] [0;39m
[1;92m4.[OK] [0;39m
[1;92m5.[OK] [0;39m
[1;92m6.[OK] [0;39m
[1;92m7.[OK] [0;39m
[1;92m8.[OK] [0;39m
[1;92m9.[OK] [0;39m
[1;92m10.[OK] [0;39m
[1;92m11.[OK] [0;39m
[1;92m12.[OK] [0;39m
[1;92m13.[OK] [0;39m
[1;92m14.[OK] [0;39m
[1;92m15.[OK] [0;39m
[1;92m16.[OK] [0;39m
[1;92m17.[OK] [0;39m
[1;92m18.[OK] [0;39m
[1;92m19.[OK] [0;39m
[1;92m20.[OK] [0;39m
[1;92m21.[OK] [0;39m
[1;92m22.[OK] [0;39m
[1;92m23.[OK] [0;39m
[1;92m24.[OK] [0;39m
[1;92m25.[OK] [0;39m
[1;92m26.[OK] [0;39m
[1;92m27.[OK] [0;39m
[1;92m28.[OK] [0;39m
[1;92m29.[OK] [0;39m
[1;92m30.[OK] [0;39m
[1;92m31.[OK] [0;39m
[1;92m32.[OK] [0;39m
[1;92m33.[OK] [0;39m
[1;92m34.[OK] [0;39m
[1;92m35.[OK] [0;39m
[1;92m36.[OK] [0;39m
[1;92m37.[OK] [0;39m
[1;92m38.[OK] [0;39m
[1;92m39.[OK] [0;39m
[1;92m40.[OK] [0;39m
[1;92m41.[OK] [0;39m
[1;92m42.[OK] [0;39m
[0;94m
-------------------------------------------------------------
[0;39m[0;94m
			Basic input		
[0;39m[0;94m
-------------------------------------------------------------

[0;39m[1;91m1.[KO][0;39m[0;97m TEST: 2 1 [1;91m2.[KO][0;39m[1;91m3.[KO][0;39m[0;97m TEST: 1 3 2 [1;91m4.[KO][0;39m[1;91m5.[KO][0;39m[0;97m TEST: 2 3 1 [1;91m6.[KO][0;39m[1;91m7.[KO][0;39m[0;97m TEST: 2 1 3 [1;91m8.[KO][0;39m[1;91m9.[KO][0;39m[0;97m TEST: 3 1 2 [1;91m10.[KO][0;39m[1;91m11.[KO][0;39m[0;97m TEST: 3 2 1 [1;91m12.[KO][0;39m[1;91m13.[KO][0;39m[0;97m TEST: 1 2 4 3 [1;91m14.[KO][0;39m[1;91m15.[KO][0;39m[0;97m TEST: 1 3 2 4 [1;91m16.[KO][0;39m[1;91m17.[KO][0;39m[0;97m TEST: 1 3 4 2 [1;91m18.[KO][0;39m[1;91m19.[KO][0;39m[0;97m TEST: 1 4 3 2 [1;91m20.[KO][0;39m[1;91m21.[KO][0;39m[0;97m TEST: 1 4 2 3 [1;91m22.[KO][0;39m[1;91m23.[KO][0;39m[0;97m TEST: 2 3 4 1 [1;91m24.[KO][0;39m[1;91m25.[KO][0;39m[0;97m TEST: 2 4 3 1 [1;91m26.[KO][0;39m[1;91m27.[KO][0;39m[0;97m TEST: 2 1 4 3 [1;91m28.[KO][0;39m[1;91m29.[KO][0;39m[0;97m TEST: 2 1 3 4 [1;91m30.[KO][0;39m[1;91m31.[KO][0;39m[0;97m TEST: 2 3 1 4 [1;91m32.[KO][0;39m[1;91m33.[KO][0;39m[0;97m TEST: 2 4 1 3 [1;91m34.[KO][0;39m[1;91m35.[KO][0;39m[0;97m TEST: 3 4 1 2 [1;91m36.[KO][0;39m[1;91m37.[KO][0;39m[0;97m TEST: 3 4 2 1 [1;91m38.[KO][0;39m[1;91m39.[KO][0;39m[0;97m TEST: 3 2 1 4 [1;91m40.[KO][0;39m[1;91m41.[KO][0;39m[0;97m TEST: 3 1 2 4 [1;91m42.[KO][0;39m[1;91m43.[KO][0;39m[0;97m TEST: 3 1 2 4 [1;91m44.[KO][0;39m[1;91m45.[KO][0;39m[0;97m TEST: 3 2 4 1 [1;91m46.[KO][0;39m[1;91m47.[KO][0;39m[0;97m TEST: 3 1 4 2 [1;91m48.[KO][0;39m[1;91m49.[KO][0;39m[0;97m TEST: 4 1 2 3 [1;91m50.[KO][0;39m[1;91m51.[KO][0;39m[0;97m TEST: 4 1 3 2 [1;91m52.[KO][0;39m[1;91m53.[KO][0;39m[0;97m TEST: 4 2 1 3 [1;91m54.[KO][0;39m[1;91m55.[KO][0;39m[0;97m TEST: 4 2 3 1 [1;91m56.[KO][0;39m[1;91m57.[KO][0;39m[0;97m TEST: 4 3 1 2 [1;91m58.[KO][0;39m[1;91m59.[KO][0;39m[0;97m TEST: 4 3 2 1 [1;91m60.[KO][0;39m[0;94m

-------------------------------------------------------------

[0;39m[0;94m
			Size 5		
[0;39m[0;94m
-------------------------------------------------------------

[0;39m[1;91m1.[KO][0;39m[0;97m TEST: 1 2 3 5 4 [1;91m2.[KO][0;39m[1;91m3.[KO][0;39m[0;97m TEST: 1 2 4 3 5 [1;91m4.[KO][0;39m[1;91m5.[KO][0;39m[0;97m TEST: 1 2 4 5 3 [1;91m6.[KO][0;39m[1;91m7.[KO][0;39m[0;97m TEST: 1 2 5 3 4 [1;91m8.[KO][0;39m[1;91m9.[KO][0;39m[0;97m TEST: 1 2 5 4 3 [1;91m10.[KO][0;39m[1;91m11.[KO][0;39m[0;97m TEST: 1 3 2 4 5 [1;91m12.[KO][0;39m[1;91m13.[KO][0;39m[0;97m TEST: 1 3 2 5 4 [1;91m14.[KO][0;39m[1;91m15.[KO][0;39m[0;97m TEST: 1 3 4 2 5 [1;91m16.[KO][0;39m[1;91m17.[KO][0;39m[0;97m TEST: 1 3 4 5 2 [1;91m18.[KO][0;39m[1;91m19.[KO][0;39m[0;97m TEST: 1 3 5 2 4 [1;91m20.[KO][0;39m[1;91m21.[KO][0;39m[0;97m TEST: 1 3 5 4 2 [1;91m22.[KO][0;39m[1;91m23.[KO][0;39m[0;97m TEST: 1 4 2 3 5 [1;91m24.[KO][0;39m[1;91m25.[KO][0;39m[0;97m TEST: 1 4 2 5 3 [1;91m26.[KO][0;39m[1;91m27.[KO][0;39m[0;97m TEST: 1 4 3 2 5 [1;91m28.[KO][0;39m[1;91m29.[KO][0;39m[0;97m TEST: 1 4 3 5 2 [1;91m30.[KO][0;39m[1;91m31.[KO][0;39m[0;97m TEST: 1 4 5 2 3 [1;91m32.[KO][0;39m[1;91m33.[KO][0;39m[0;97m TEST: 1 4 5 3 2 [1;91m34.[KO][0;39m[1;91m35.[KO][0;39m[0;97m TEST: 1 5 2 3 4 [1;91m36.[KO][0;39m[1;91m37.[KO][0;39m[0;97m TEST: 1 5 2 4 3 [1;91m38.[KO][0;39m[1;91m39.[KO][0;39m[0;97m TEST: 1 5 3 2 4 [1;91m40.[KO][0;39m[1;91m41.[KO][0;39m[0;97m TEST: 1 5 3 4 2 [1;91m42.[KO][0;39m[1;91m43.[KO][0;39m[0;97m TEST: 1 5 3 4 2 [1;91m44.[KO][0;39m[1;91m45.[KO][0;39m[0;97m TEST: 1 5 4 2 3 [1;91m46.[KO][0;39m[1;91m47.[KO][0;39m[0;97m TEST: 1 5 4 3 2 [1;91m48.[KO][0;39m[1;91m49.[KO][0;39m[0;97m TEST: 2 1 3 4 5 [1;91m50.[KO][0;39m[1;91m51.[KO][0;39m[0;97m TEST: 2 1 3 5 4 [1;91m52.[KO][0;39m[1;91m53.[KO][0;39m[0;97m TEST: 2 1 4 3 5 [1;91m54.[KO][0;39m[1;91m55.[KO][0;39m[0;97m TEST: 2 1 4 5 3 [1;91m56.[KO][0;39m[1;91m57.[KO][0;39m[0;97m TEST: 2 1 5 3 4 [1;91m58.[KO][0;39m[1;91m59.[KO][0;39m[0;97m TEST: 2 1 5 4 3 [1;91m60.[KO][0;39m[1;91m61.[KO][0;39m[0;97m TEST: 2 3 1 4 5 [1;91m62.[KO][0;39m[1;91m63.[KO][0;39m[0;97m TEST: 2 3 1 5 4 [1;91m64.[KO][0;39m[1;91m65.[KO][0;39m[0;97m TEST: 2 3 4 1 5 [1;91m66.[KO][0;39m[1;91m67.[KO][0;39m[0;97m TEST: 2 3 4 5 1 [1;91m68.[KO][0;39m[1;91m69.[KO][0;39m[0;97m TEST: 2 3 5 1 4 [1;91m70.[KO][0;39m[1;91m71.[KO][0;39m[0;97m TEST: 2 3 5 4 1 [1;91m72.[KO][0;39m[1;91m73.[KO][0;39m[0;97m TEST: 2 4 1 3 5 [1;91m74.[KO][0;39m[1;91m75.[KO][0;39m[0;97m TEST: 2 4 1 5 3 [1;91m76.[KO][0;39m[1;91m77.[KO][0;39m[0;97m TEST: 2 4 3 1 5 [1;91m78.[KO][0;39m[1;91m79.[KO][0;39m[0;97m TEST: 2 4 3 5 1 [1;91m80.[KO][0;39m[1;91m81.[KO][0;39m[0;97m TEST: 2 4 5 1 3 [1;91m82.[KO][0;39m[1;91m83.[KO][0;39m[0;97m TEST: 2 4 5 3 1 [1;91m84.[KO][0;39m[1;91m85.[KO][0;39m[0;97m TEST: 2 5 1 3 4 [1;91m86.[KO][0;39m[1;91m87.[KO][0;39m[0;97m TEST: 2 5 1 4 3 [1;91m88.[KO][0;39m[1;91m89.[KO][0;39m[0;97m TEST: 2 5 3 1 4 [1;91m90.[KO][0;39m[1;91m91.[KO][0;39m[0;97m TEST: 2 5 3 4 1 [1;91m92.[KO][0;39m[1;91m93.[KO][0;39m[0;97m TEST: 2 5 4 1 3 [1;91m94.[KO][0;39m[1;91m95.[KO][0;39m[0;97m TEST: 2 5 4 3 1 [1;91m96.[KO][0;39m[1;91m97.[KO][0;39m[0;97m TEST: 3 1 2 4 5 [1;91m98.[KO][0;39m[1;91m99.[KO][0;39m[0;97m TEST: 3 1 2 5 4 [1;91m100.[KO][0;39m[1;91m101.[KO][0;39m[0;97m TEST: 3 1 4 2 5 [1;91m102.[KO][0;39m[1;91m103.[KO][0;39m[0;97m TEST: 3 1 4 5 2 [1;91m104.[KO][0;39m[1;91m105.[KO][0;39m[0;97m TEST: 3 1 5 2 4 [1;91m106.[KO][0;39m[1;91m107.[KO][0;39m[0;97m TEST: 3 1 5 4 2 [1;91m108.[KO][0;39m[1;91m109.[KO][0;39m[0;97m TEST: 3 2 1 4 5 [1;91m110.[KO][0;39m[1;91m111.[KO][0;39m[0;97m TEST: 3 2 1 5 4 [1;91m112.[KO][0;39m[1;91m113.[KO][0;39m[0;97m TEST: 3 2 4 1 5 [1;91m114.[KO][0;39m[1;91m115.[KO][0;39m[0;97m TEST: 3 2 4 5 1 [1;91m116.[KO][0;39m[1;91m117.[KO][0;39m[0;97m TEST: 3 2 5 1 4 [1;91m118.[KO][0;39m[1;91m119.[KO][0;39m[0;97m TEST: 3 2 5 4 1 [1;91m120.[KO][0;39m[1;91m121.[KO][0;39m[0;97m TEST: 3 4 1 2 5 [1;91m122.[KO][0;39m[1;91m123.[KO][0;39m[0;97m TEST: 3 4 1 5 2 [1;91m124.[KO][0;39m[1;91m125.[KO][0;39m[0;97m TEST: 3 4 2 1 5 [1;91m126.[KO][0;39m[1;91m127.[KO][0;39m[0;97m TEST: 3 4 2 5 1 [1;91m128.[KO][0;39m[1;91m129.[KO][0;39m[0;97m TEST: 3 4 5 1 2 [1;91m130.[KO][0;39m[1;91m131.[KO][0;39m[0;97m TEST: 3 4 5 2 1 [1;91m132.[KO][0;39m[1;91m133.[KO][0;39m[0;97m TEST: 3 5 1 2 4 [1;91m134.[KO][0;39m[1;91m135.[KO][0;39m[0;97m TEST: 3 5 1 4 2 [1;91m136.[KO][0;39m[1;91m137.[KO][0;39m[0;97m TEST: 3 5 2 1 4 [1;91m138.[KO][0;39m[1;91m139.[KO][0;39m[0;97m TEST: 3 5 2 4 1 [1;91m140.[KO][0;39m[1;91m141.[KO][0;39m[0;97m TEST: 3 5 4 1 2 [1;91m142.[KO][0;39m[1;91m143.[KO][0;39m[0;97m TEST: 3 5 4 2 1 [1;91m144.[KO][0;39m[1;91m145.[KO][0;39m[0;97m TEST: 4 1 2 3 5 [1;91m146.[KO][0;39m[1;91m147.[KO][0;39m[0;97m TEST: 4 1 2 5 3 [1;91m148.[KO][0;39m[1;91m149.[KO][0;39m[0;97m TEST: 4 1 3 2 5 [1;91m150.[KO][0;39m[1;91m151.[KO][0;39m[0;97m TEST: 4 1 3 5 2 [1;91m152.[KO][0;39m[1;91m153.[KO][0;39m[0;97m TEST: 4 1 5 2 3 [1;91m154.[KO][0;39m[1;91m155.[KO][0;39m[0;97m TEST: 4 1 5 3 2 [1;91m156.[KO][0;39m[1;91m157.[KO][0;39m[0;97m TEST: 4 2 1 3 5 [1;91m158.[KO][0;39m[1;91m159.[KO][0;39m[0;97m TEST: 4 2 1 5 3 [1;91m160.[KO][0;39m[1;91m161.[KO][0;39m[0;97m TEST: 4 2 3 1 5 [1;91m162.[KO][0;39m[1;91m163.[KO][0;39m[0;97m TEST: 4 2 3 5 1 [1;91m164.[KO][0;39m[1;91m165.[KO][0;39m[0;97m TEST: 4 2 5 1 3 [1;91m166.[KO][0;39m[1;91m167.[KO][0;39m[0;97m TEST: 4 2 5 3 1 [1;91m168.[KO][0;39m[1;91m169.[KO][0;39m[0;97m TEST: 4 3 1 2 5 [1;91m170.[KO][0;39m[1;91m171.[KO][0;39m[0;97m TEST: 4 3 1 5 2 [1;91m172.[KO][0;39m[1;91m173.[KO][0;39m[0;97m TEST: 4 3 2 1 5 [1;91m174.[KO][0;39m[1;91m175.[KO][0;39m[0;97m TEST: 4 3 2 5 1 [1;91m176.[KO][0;39m[1;91m177.[KO][0;39m[0;97m TEST: 4 3 5 1 2 [1;91m178.[KO][0;39m[1;91m179.[KO][0;39m[0;97m TEST: 4 3 5 2 1 [1;91m180.[KO][0;39m[1;91m181.[KO][0;39m[0;97m TEST: 4 5 1 2 3 [1;91m182.[KO][0;39m[1;91m183.[KO][0;39m[0;97m TEST: 4 5 1 3 2 [1;91m184.[KO][0;39m[1;91m185.[KO][0;39m[0;97m TEST: 4 5 2 1 3 [1;91m186.[KO][0;39m[1;91m187.[KO][0;39m[0;97m TEST: 4 5 2 3 1 [1;91m188.[KO][0;39m[1;91m189.[KO][0;39m[0;97m TEST: 4 5 3 1 2 [1;91m190.[KO][0;39m[1;91m191.[KO][0;39m[0;97m TEST: 4 5 3 2 1 [1;91m192.[KO][0;39m[1;91m193.[KO][0;39m[0;97m TEST: 5 1 2 3 4 [1;91m194.[KO][0;39m[1;91m195.[KO][0;39m[0;97m TEST: 5 1 2 4 3 [1;91m196.[KO][0;39m[1;91m197.[KO][0;39m[0;97m TEST: 5 1 3 2 4 [1;91m198.[KO][0;39m[1;91m199.[KO][0;39m[0;97m TEST: 5 1 3 4 2 [1;91m200.[KO][0;39m[1;91m201.[KO][0;39m[0;97m TEST: 5 1 4 2 3 [1;91m202.[KO][0;39m[1;91m203.[KO][0;39m[0;97m TEST: 5 1 4 3 2 [1;91m204.[KO][0;39m[1;91m205.[KO][0;39m[0;97m TEST: 5 1 4 3 2 [1;91m206.[KO][0;39m[1;91m207.[KO][0;39m[0;97m TEST: 5 1 4 3 2 [1;91m208.[KO][0;39m[1;91m209.[KO][0;39m[0;97m TEST: 5 2 3 1 4 [1;91m210.[KO][0;39m[1;91m211.[KO][0;39m[0;97m TEST: 5 2 3 4 1 [1;91m212.[KO][0;39m[1;91m213.[KO][0;39m[0;97m TEST: 5 2 4 1 3 [1;91m214.[KO][0;39m[1;91m215.[KO][0;39m[0;97m TEST: 5 2 4 3 1 [1;91m216.[KO][0;39m[1;91m217.[KO][0;39m[0;97m TEST: 5 3 1 2 4 [1;91m218.[KO][0;39m[1;91m219.[KO][0;39m[0;97m TEST: 5 3 1 4 2 [1;91m220.[KO][0;39m[1;91m221.[KO][0;39m[0;97m TEST: 5 3 2 1 4 [1;91m222.[KO][0;39m[1;91m223.[KO][0;39m[0;97m TEST: 5 3 2 4 1 [1;91m224.[KO][0;39m[1;91m225.[KO][0;39m[0;97m TEST: 5 3 4 1 2 [1;91m226.[KO][0;39m[1;91m227.[KO][0;39m[0;97m TEST: 5 3 4 2 1 [1;91m228.[KO][0;39m[1;91m229.[KO][0;39m[0;97m TEST: 5 4 1 2 3 [1;91m230.[KO][0;39m[1;91m231.[KO][0;39m[0;97m TEST: 5 4 1 3 2 [1;91m232.[KO][0;39m[1;91m233.[KO][0;39m[0;97m TEST: 5 4 2 1 3 [1;91m234.[KO][0;39m[1;91m235.[KO][0;39m[0;97m TEST: 5 4 2 3 1 [1;91m236.[KO][0;39m[1;91m237.[KO][0;39m[0;97m TEST: 5 4 3 1 2 [1;91m238.[KO][0;39m[1;91m239.[KO][0;39m[0;97m TEST: 5 4 3 2 1 [1;91m240.[KO][0;39m[0;94m
-------------------------------------------------------------

[0;39m[0;94m
		  Multiple size <= 100		
[0;39m[0;94m
-------------------------------------------------------------

[0;39m[1;91m1 .[KO][0;39m[0;96m Moves:    1286[0;39m
[1;91m2 .[KO][0;39m[0;96m Moves:    1286[0;39m
[1;91m3 .[KO][0;39m[0;96m Moves:    1286[0;39m
[1;91m4 .[KO][0;39m[0;96m Moves:    1286[0;39m
[1;91m5 .[KO][0;39m[0;96m Moves:    1286[0;39m
[1;91m6 .[KO][0;39m[0;96m Moves:    1286[0;39m
[1;91m7 .[KO][0;39m[0;96m Moves:    1286[0;39m
[1;91m8 .[KO][0;39m[0;96m Moves:    1286[0;39m
[1;91m9 .[KO][0;39m[0;96m Moves:    1286[0;39m
[1;91m10 .[KO][0;39m[0;96m Moves:    1286[0;39m
[1;91m11 .[KO][0;39m[0;96m Moves:    1286[0;39m
[1;91m12 .[KO][0;39m[0;96m Moves:    1286[0;39m
[1;91m13 .[KO][0;39m[0;96m Moves:    1286[0;39m
[1;91m14 .[KO][0;39m[0;96m Moves:    1286[0;39m
[1;91m15 .[KO][0;39m[0;96m Moves:    1286[0;39m
[1;91m16 .[KO][0;39m[0;96m Moves:    1286[0;39m
[1;91m17 .[KO][0;39m[0;96m Moves:    1286[0;39m
